2026-06-18 18:43:04 | ------------------ Configuration ------------------
2026-06-18 18:43:04 | Configuration file: /lustre/home/ziya/GNN/GraphWeather5p625/configs/gnn_5p625.yaml
2026-06-18 18:43:04 | Configuration name: raw_5p625
2026-06-18 18:43:04 | lr 0.0001
2026-06-18 18:43:04 | weight_decay 0.0001
2026-06-18 18:43:04 | scheduler CosineAnnealingLR
2026-06-18 18:43:04 | max_epochs 50
2026-06-18 18:43:04 | max_train_batches None
2026-06-18 18:43:04 | max_valid_batches None
2026-06-18 18:43:04 | batch_size 16
2026-06-18 18:43:04 | num_data_workers 0
2026-06-18 18:43:04 | max_gradient_norm 1.0
2026-06-18 18:43:04 | dt 1
2026-06-18 18:43:04 | n_history 1
2026-06-18 18:43:04 | rollout_schedule [1, 2, 4, 8, 12, 20]
2026-06-18 18:43:04 | rollout_stage_epochs [5, 5, 10, 10, 10, 10]
2026-06-18 18:43:04 | valid_rollout_steps 1
2026-06-18 18:43:04 | trainable_scope all
2026-06-18 18:43:04 | nettype graph_weather
2026-06-18 18:43:04 | target default
2026-06-18 18:43:04 | resolution 5.625
2026-06-18 18:43:04 | graph_path /lustre/home/ziya/GNN/GraphWeather5p625/graphs/graph_5p625.pt
2026-06-18 18:43:04 | auto_build_graph True
2026-06-18 18:43:04 | hidden_dim 96
2026-06-18 18:43:04 | edge_dim 6
2026-06-18 18:43:04 | num_heads 4
2026-06-18 18:43:04 | k_neighbors 8
2026-06-18 18:43:04 | encoder_blocks 1
2026-06-18 18:43:04 | decoder_blocks 1
2026-06-18 18:43:04 | l0_blocks 2
2026-06-18 18:43:04 | l1_blocks 2
2026-06-18 18:43:04 | l2_blocks 1
2026-06-18 18:43:04 | l1_refine_blocks 1
2026-06-18 18:43:04 | l0_refine_blocks 1
2026-06-18 18:43:04 | graph_gradient_weight 0.0
2026-06-18 18:43:04 | in_channels [0, 1, 2, 3, 4, 5, 6, 7, 8, 9, 10, 11, 12, 13, 14, 15, 16, 17, 18, 19, 20, 21, 22, 23, 24, 25, 26, 27, 28, 29, 30, 31, 32, 33, 34, 35, 36, 37, 38, 39, 40, 41, 42, 43, 44, 45, 46, 47, 48, 49, 50, 51, 52, 53, 54, 55, 56, 57, 58, 59, 60, 61, 62, 63, 64, 65, 66]
2026-06-18 18:43:04 | out_channels [0, 1, 2, 3, 4, 5, 6, 7, 8, 9, 10, 11, 12, 13, 14, 15, 16, 17, 18, 19, 20, 21, 22, 23, 24, 25, 26, 27, 28, 29, 30, 31, 32, 33, 34, 35, 36, 37, 38, 39, 40, 41, 42, 43, 44, 45, 46, 47, 48, 49, 50, 51, 52, 53, 54, 55, 56, 57, 58, 59, 60, 61, 62, 63, 64, 65, 66]
2026-06-18 18:43:04 | normalization zscore
2026-06-18 18:43:04 | add_grid False
2026-06-18 18:43:04 | N_grid_channels 0
2026-06-18 18:43:04 | gridtype sinusoidal
2026-06-18 18:43:04 | add_noise False
2026-06-18 18:43:04 | noise_std 0.0
2026-06-18 18:43:04 | crop_size_x None
2026-06-18 18:43:04 | crop_size_y None
2026-06-18 18:43:04 | roll False
2026-06-18 18:43:04 | orography False
2026-06-18 18:43:04 | orography_path None
2026-06-18 18:43:04 | train_data_path /lustre/home/ziya/KAI_5/kai_data_5p625/train
2026-06-18 18:43:04 | valid_data_path /lustre/home/ziya/KAI_5/kai_data_5p625/valid
2026-06-18 18:43:04 | global_means_path /lustre/home/ziya/KAI_5/kai_data_5p625/stats/global_mean.npy
2026-06-18 18:43:04 | global_stds_path /lustre/home/ziya/KAI_5/kai_data_5p625/stats/global_std.npy
2026-06-18 18:43:04 | exp_dir /lustre/home/ziya/GNN/GraphWeather5p625/experiments
2026-06-18 18:43:04 | save_checkpoint True
2026-06-18 18:43:04 | resume True
2026-06-18 18:43:04 | enable_amp False
2026-06-18 18:43:04 | name raw_5p625_full50_base_batch_16
2026-06-18 18:43:04 | experiment_dir /lustre/home/ziya/GNN/GraphWeather5p625/experiments/raw_5p625_full50_base_batch_16
2026-06-18 18:43:04 | checkpoint_path /lustre/home/ziya/GNN/GraphWeather5p625/experiments/raw_5p625_full50_base_batch_16/ckpt.tar
2026-06-18 18:43:04 | best_checkpoint_path /lustre/home/ziya/GNN/GraphWeather5p625/experiments/raw_5p625_full50_base_batch_16/best_ckpt.tar
2026-06-18 18:43:04 | ---------------------------------------------------
2026-06-18 18:43:04 | Found 39 NetCDF files under /lustre/home/ziya/KAI_5/kai_data_5p625/train. Spatial dims: 32 x 64.
2026-06-18 18:43:04 | Total valid samples: 13426
2026-06-18 18:43:04 | Found 1 NetCDF files under /lustre/home/ziya/KAI_5/kai_data_5p625/valid. Spatial dims: 32 x 64.
2026-06-18 18:43:04 | Total valid samples: 344
2026-06-18 18:43:09 | Number of trainable model parameters: 1131103
2026-06-18 18:43:13 | Epoch 1 - Batch 0 - Loss 0.345015
2026-06-18 18:43:17 | Epoch 1 - Batch 1 - Loss 0.290919
2026-06-18 18:43:21 | Epoch 1 - Batch 2 - Loss 0.258303
2026-06-18 18:43:25 | Epoch 1 - Batch 3 - Loss 0.247282
2026-06-18 18:43:28 | Epoch 1 - Batch 4 - Loss 0.239932
2026-06-18 18:43:32 | Epoch 1 - Batch 5 - Loss 0.231767
2026-06-18 18:43:36 | Epoch 1 - Batch 6 - Loss 0.224088
2026-06-18 18:43:40 | Epoch 1 - Batch 7 - Loss 0.219572
2026-06-18 18:43:43 | Epoch 1 - Batch 8 - Loss 0.217339
2026-06-18 18:43:47 | Epoch 1 - Batch 9 - Loss 0.204209
2026-06-18 18:43:51 | Epoch 1 - Batch 10 - Loss 0.206765
2026-06-18 18:43:55 | Epoch 1 - Batch 11 - Loss 0.215279
2026-06-18 18:43:58 | Epoch 1 - Batch 12 - Loss 0.212964
2026-06-18 18:44:02 | Epoch 1 - Batch 13 - Loss 0.197292
2026-06-18 18:44:06 | Epoch 1 - Batch 14 - Loss 0.217068
2026-06-18 18:44:10 | Epoch 1 - Batch 15 - Loss 0.204368
2026-06-18 18:44:13 | Epoch 1 - Batch 16 - Loss 0.205003
2026-06-18 18:44:17 | Epoch 1 - Batch 17 - Loss 0.205372
2026-06-18 18:44:21 | Epoch 1 - Batch 18 - Loss 0.204262
2026-06-18 18:44:25 | Epoch 1 - Batch 19 - Loss 0.198841
2026-06-18 18:44:29 | Epoch 1 - Batch 20 - Loss 0.204381
2026-06-18 18:44:32 | Epoch 1 - Batch 21 - Loss 0.206262
2026-06-18 18:44:36 | Epoch 1 - Batch 22 - Loss 0.203447
2026-06-18 18:44:40 | Epoch 1 - Batch 23 - Loss 0.193271
2026-06-18 18:44:44 | Epoch 1 - Batch 24 - Loss 0.191162
2026-06-18 18:44:47 | Epoch 1 - Batch 25 - Loss 0.193933
2026-06-18 18:44:51 | Epoch 1 - Batch 26 - Loss 0.196701
2026-06-18 18:44:55 | Epoch 1 - Batch 27 - Loss 0.200140
2026-06-18 18:44:58 | Epoch 1 - Batch 28 - Loss 0.183221
2026-06-18 18:45:02 | Epoch 1 - Batch 29 - Loss 0.203516
2026-06-18 18:45:06 | Epoch 1 - Batch 30 - Loss 0.195415
2026-06-18 18:45:10 | Epoch 1 - Batch 31 - Loss 0.187852
2026-06-18 18:45:13 | Epoch 1 - Batch 32 - Loss 0.180195
2026-06-18 18:45:17 | Epoch 1 - Batch 33 - Loss 0.184244
2026-06-18 18:45:21 | Epoch 1 - Batch 34 - Loss 0.193847
2026-06-18 18:45:25 | Epoch 1 - Batch 35 - Loss 0.190167
2026-06-18 18:45:28 | Epoch 1 - Batch 36 - Loss 0.182042
2026-06-18 18:45:32 | Epoch 1 - Batch 37 - Loss 0.190999
2026-06-18 18:45:36 | Epoch 1 - Batch 38 - Loss 0.183393
2026-06-18 18:45:40 | Epoch 1 - Batch 39 - Loss 0.195103
2026-06-18 18:45:43 | Epoch 1 - Batch 40 - Loss 0.196293
2026-06-18 18:45:47 | Epoch 1 - Batch 41 - Loss 0.195530
2026-06-18 18:45:51 | Epoch 1 - Batch 42 - Loss 0.183301
2026-06-18 18:45:55 | Epoch 1 - Batch 43 - Loss 0.191264
2026-06-18 18:45:58 | Epoch 1 - Batch 44 - Loss 0.178677
2026-06-18 18:46:02 | Epoch 1 - Batch 45 - Loss 0.199055
2026-06-18 18:46:06 | Epoch 1 - Batch 46 - Loss 0.195917
2026-06-18 18:46:10 | Epoch 1 - Batch 47 - Loss 0.185149
2026-06-18 18:46:13 | Epoch 1 - Batch 48 - Loss 0.185101
2026-06-18 18:46:17 | Epoch 1 - Batch 49 - Loss 0.188958
2026-06-18 18:46:21 | Epoch 1 - Batch 50 - Loss 0.188064
2026-06-18 18:46:25 | Epoch 1 - Batch 51 - Loss 0.178620
2026-06-18 18:46:28 | Epoch 1 - Batch 52 - Loss 0.191304
2026-06-18 18:46:32 | Epoch 1 - Batch 53 - Loss 0.179820
2026-06-18 18:46:36 | Epoch 1 - Batch 54 - Loss 0.189780
2026-06-18 18:46:40 | Epoch 1 - Batch 55 - Loss 0.188744
2026-06-18 18:46:43 | Epoch 1 - Batch 56 - Loss 0.185408
2026-06-18 18:46:47 | Epoch 1 - Batch 57 - Loss 0.178697
2026-06-18 18:46:51 | Epoch 1 - Batch 58 - Loss 0.176166
2026-06-18 18:46:55 | Epoch 1 - Batch 59 - Loss 0.183069
2026-06-18 18:46:58 | Epoch 1 - Batch 60 - Loss 0.179432
2026-06-18 18:47:02 | Epoch 1 - Batch 61 - Loss 0.176574
2026-06-18 18:47:06 | Epoch 1 - Batch 62 - Loss 0.184537
2026-06-18 18:47:10 | Epoch 1 - Batch 63 - Loss 0.173781
2026-06-18 18:47:13 | Epoch 1 - Batch 64 - Loss 0.177067
2026-06-18 18:47:17 | Epoch 1 - Batch 65 - Loss 0.177412
2026-06-18 18:47:21 | Epoch 1 - Batch 66 - Loss 0.175104
2026-06-18 18:47:25 | Epoch 1 - Batch 67 - Loss 0.172253
2026-06-18 18:47:28 | Epoch 1 - Batch 68 - Loss 0.179958
2026-06-18 18:47:32 | Epoch 1 - Batch 69 - Loss 0.169713
2026-06-18 18:47:36 | Epoch 1 - Batch 70 - Loss 0.169858
2026-06-18 18:47:40 | Epoch 1 - Batch 71 - Loss 0.172477
2026-06-18 18:47:43 | Epoch 1 - Batch 72 - Loss 0.178359
