2026-06-18 22:34:32 | ------------------ Configuration ------------------
2026-06-18 22:34:32 | Configuration file: /lustre/home/ziya/GNN/GraphWeather5p625/configs/gnn_5p625.yaml
2026-06-18 22:34:32 | Configuration name: smoke_stage_ckpt_5p625
2026-06-18 22:34:32 | lr 0.0001
2026-06-18 22:34:32 | weight_decay 0.0001
2026-06-18 22:34:32 | scheduler CosineAnnealingLR
2026-06-18 22:34:32 | max_epochs 3
2026-06-18 22:34:32 | max_train_batches 2
2026-06-18 22:34:32 | max_valid_batches 2
2026-06-18 22:34:32 | batch_size 2
2026-06-18 22:34:32 | num_data_workers 0
2026-06-18 22:34:32 | enable_amp False
2026-06-18 22:34:32 | max_gradient_norm 1.0
2026-06-18 22:34:32 | dt 1
2026-06-18 22:34:32 | n_history 1
2026-06-18 22:34:32 | max_rollout_steps 2
2026-06-18 22:34:32 | rollout_schedule [1, 2]
2026-06-18 22:34:32 | rollout_stage_epochs [1, 2]
2026-06-18 22:34:32 | valid_rollout_steps 1
2026-06-18 22:34:32 | validate_with_train_rollout True
2026-06-18 22:34:32 | eval_rollout_steps [1, 2]
2026-06-18 22:34:32 | trainable_scope all
2026-06-18 22:34:32 | checkpoint_metric valid_S2
2026-06-18 22:34:32 | checkpoint_mode min
2026-06-18 22:34:32 | stage_checkpoint_metric_mode stage_horizon
2026-06-18 22:34:32 | nettype graph_weather
2026-06-18 22:34:32 | target default
2026-06-18 22:34:32 | resolution 5.625
2026-06-18 22:34:32 | graph_path /lustre/home/ziya/GNN/GraphWeather5p625/graphs/graph_5p625.pt
2026-06-18 22:34:32 | auto_build_graph True
2026-06-18 22:34:32 | hidden_dim 32
2026-06-18 22:34:32 | edge_dim 6
2026-06-18 22:34:32 | num_heads 4
2026-06-18 22:34:32 | k_neighbors 8
2026-06-18 22:34:32 | encoder_blocks 1
2026-06-18 22:34:32 | decoder_blocks 1
2026-06-18 22:34:32 | l0_blocks 1
2026-06-18 22:34:32 | l1_blocks 1
2026-06-18 22:34:32 | l2_blocks 1
2026-06-18 22:34:32 | l1_refine_blocks 1
2026-06-18 22:34:32 | l0_refine_blocks 1
2026-06-18 22:34:32 | graph_gradient_weight 0.0
2026-06-18 22:34:32 | lr_schedule_type rollout_stage
2026-06-18 22:34:32 | lr_by_rollout {1: 0.0001, 2: 0.0001, 4: 7e-05, 6: 6e-05, 8: 5e-05, 10: 3e-05}
2026-06-18 22:34:32 | warmup_epochs 1
2026-06-18 22:34:32 | in_channels [0, 1, 2, 3, 4, 5, 6, 7, 8, 9, 10, 11, 12, 13, 14, 15, 16, 17, 18, 19, 20, 21, 22, 23, 24, 25, 26, 27, 28, 29, 30, 31, 32, 33, 34, 35, 36, 37, 38, 39, 40, 41, 42, 43, 44, 45, 46, 47, 48, 49, 50, 51, 52, 53, 54, 55, 56, 57, 58, 59, 60, 61, 62, 63, 64, 65, 66]
2026-06-18 22:34:32 | out_channels [0, 1, 2, 3, 4, 5, 6, 7, 8, 9, 10, 11, 12, 13, 14, 15, 16, 17, 18, 19, 20, 21, 22, 23, 24, 25, 26, 27, 28, 29, 30, 31, 32, 33, 34, 35, 36, 37, 38, 39, 40, 41, 42, 43, 44, 45, 46, 47, 48, 49, 50, 51, 52, 53, 54, 55, 56, 57, 58, 59, 60, 61, 62, 63, 64, 65, 66]
2026-06-18 22:34:32 | normalization zscore
2026-06-18 22:34:32 | add_grid False
2026-06-18 22:34:32 | N_grid_channels 0
2026-06-18 22:34:32 | gridtype sinusoidal
2026-06-18 22:34:32 | add_noise False
2026-06-18 22:34:32 | noise_std 0.0
2026-06-18 22:34:32 | crop_size_x None
2026-06-18 22:34:32 | crop_size_y None
2026-06-18 22:34:32 | roll False
2026-06-18 22:34:32 | orography False
2026-06-18 22:34:32 | orography_path None
2026-06-18 22:34:32 | train_data_path /lustre/home/ziya/KAI_5/kai_data_5p625/train
2026-06-18 22:34:32 | valid_data_path /lustre/home/ziya/KAI_5/kai_data_5p625/valid
2026-06-18 22:34:32 | test_dataset_path /lustre/home/ziya/KAI_5/kai_data_5p625/test
2026-06-18 22:34:32 | global_means_path /lustre/home/ziya/KAI_5/kai_data_5p625/stats/global_mean.npy
2026-06-18 22:34:32 | global_stds_path /lustre/home/ziya/KAI_5/kai_data_5p625/stats/global_std.npy
2026-06-18 22:34:32 | exp_dir /lustre/home/ziya/GNN/GraphWeather5p625/experiments
2026-06-18 22:34:32 | eval_checkpoint_path None
2026-06-18 22:34:32 | eval_output_dir None
2026-06-18 22:34:32 | eval_forecast_steps [2]
2026-06-18 22:34:32 | eval_fixed_rollout_steps 2
2026-06-18 22:34:32 | eval_compare_stage_checkpoints False
2026-06-18 22:34:32 | eval_stage_checkpoints {1: 'best_ckpt_S1.tar', 2: 'best_ckpt_S2.tar'}
2026-06-18 22:34:32 | eval_global_best_checkpoint best_ckpt.tar
2026-06-18 22:34:32 | eval_start_timestep 1
2026-06-18 22:34:32 | eval_ic_stride 1
2026-06-18 22:34:32 | n_initial_conditions 1
2026-06-18 22:34:32 | climatology_path None
2026-06-18 22:34:32 | compute_climatology True
2026-06-18 22:34:32 | eval_device cpu
2026-06-18 22:34:32 | eval_plot_variables ['t2m']
2026-06-18 22:34:32 | eval_plot_format png
2026-06-18 22:34:32 | plot_persistence True
2026-06-18 22:34:32 | save_checkpoint True
2026-06-18 22:34:32 | resume False
2026-06-18 22:34:32 | name smoke_stage_ckpt_5p625_stagefix_01
2026-06-18 22:34:32 | experiment_dir /lustre/home/ziya/GNN/GraphWeather5p625/experiments/smoke_stage_ckpt_5p625_stagefix_01
2026-06-18 22:34:32 | checkpoint_path /lustre/home/ziya/GNN/GraphWeather5p625/experiments/smoke_stage_ckpt_5p625_stagefix_01/ckpt.tar
2026-06-18 22:34:32 | last_checkpoint_path /lustre/home/ziya/GNN/GraphWeather5p625/experiments/smoke_stage_ckpt_5p625_stagefix_01/last_ckpt.tar
2026-06-18 22:34:32 | best_checkpoint_path /lustre/home/ziya/GNN/GraphWeather5p625/experiments/smoke_stage_ckpt_5p625_stagefix_01/best_ckpt.tar
2026-06-18 22:34:32 | ---------------------------------------------------
2026-06-18 22:34:32 | Found 39 NetCDF files under /lustre/home/ziya/KAI_5/kai_data_5p625/train. Spatial dims: 32 x 64.
2026-06-18 22:34:32 | Total valid samples: 14128
2026-06-18 22:34:33 | Found 1 NetCDF files under /lustre/home/ziya/KAI_5/kai_data_5p625/valid. Spatial dims: 32 x 64.
2026-06-18 22:34:33 | Total valid samples: 362
2026-06-18 22:34:42 | Number of trainable model parameters: 109223
2026-06-18 22:34:51 | Epoch 1 - Batch 0 - Loss 0.404146
2026-06-18 22:34:59 | Epoch 1 - Batch 1 - Loss 0.414126
2026-06-18 22:35:30 | New global best checkpoint saved: /lustre/home/ziya/GNN/GraphWeather5p625/experiments/smoke_stage_ckpt_5p625_stagefix_01/best_ckpt.tar using valid_S2=0.799196
2026-06-18 22:35:30 | New best S=1 checkpoint saved: best_ckpt_S1.tar using valid_S1=0.416982
2026-06-18 22:35:30 | Epoch 1 finished in 47.80 sec | train 0.414126 S=1 | valid 0.416982 S=1 | valid_S1 0.416982 valid_S1_final 0.416982 valid_S2 0.799196 valid_S2_final 1.181409 | lr 1.00e-04
2026-06-18 22:35:47 | Epoch 2 - Batch 0 - Loss 0.766739
2026-06-18 22:36:04 | Epoch 2 - Batch 1 - Loss 0.685350
2026-06-18 22:36:34 | New global best checkpoint saved: /lustre/home/ziya/GNN/GraphWeather5p625/experiments/smoke_stage_ckpt_5p625_stagefix_01/best_ckpt.tar using valid_S2=0.706443
2026-06-18 22:36:34 | New best S=2 checkpoint saved: best_ckpt_S2.tar using valid_S2=0.706443
2026-06-18 22:36:34 | Epoch 2 finished in 64.41 sec | train 0.685350 S=2 | valid 0.706443 S=2 | valid_S1 0.378872 valid_S1_final 0.378872 valid_S2 0.706443 valid_S2_final 1.034014 | lr 1.00e-04
2026-06-18 22:36:51 | Epoch 3 - Batch 0 - Loss 0.648700
2026-06-18 22:37:08 | Epoch 3 - Batch 1 - Loss 0.621783
2026-06-18 22:37:39 | New global best checkpoint saved: /lustre/home/ziya/GNN/GraphWeather5p625/experiments/smoke_stage_ckpt_5p625_stagefix_01/best_ckpt.tar using valid_S2=0.630206
2026-06-18 22:37:39 | New best S=2 checkpoint saved: best_ckpt_S2.tar using valid_S2=0.630206
2026-06-18 22:37:39 | Epoch 3 finished in 64.50 sec | train 0.621783 S=2 | valid 0.630206 S=2 | valid_S1 0.347774 valid_S1_final 0.347774 valid_S2 0.630206 valid_S2_final 0.912637 | lr 1.00e-04
2026-06-18 22:37:39 | DONE rank 0
