2026-06-20 22:44:11 | ------------------ Configuration ------------------
2026-06-20 22:44:11 | Configuration file: /lustre/home/ziya/GNN/GraphWeather5p625/configs/gnn_5p625.yaml
2026-06-20 22:44:11 | Configuration name: smoke_5p625
2026-06-20 22:44:11 | lr 0.0001
2026-06-20 22:44:11 | weight_decay 0.0001
2026-06-20 22:44:11 | scheduler CosineAnnealingLR
2026-06-20 22:44:11 | max_epochs 2
2026-06-20 22:44:11 | max_train_batches 4
2026-06-20 22:44:11 | max_valid_batches 2
2026-06-20 22:44:11 | batch_size 2
2026-06-20 22:44:11 | num_data_workers 0
2026-06-20 22:44:11 | enable_amp False
2026-06-20 22:44:11 | max_gradient_norm 1.0
2026-06-20 22:44:11 | dt 1
2026-06-20 22:44:11 | n_history 1
2026-06-20 22:44:11 | max_rollout_steps 1
2026-06-20 22:44:11 | rollout_schedule [1]
2026-06-20 22:44:11 | rollout_stage_epochs []
2026-06-20 22:44:11 | valid_rollout_steps 1
2026-06-20 22:44:11 | validate_with_train_rollout True
2026-06-20 22:44:11 | eval_rollout_steps [1]
2026-06-20 22:44:11 | trainable_scope all
2026-06-20 22:44:11 | checkpoint_metric valid_S10
2026-06-20 22:44:11 | checkpoint_mode min
2026-06-20 22:44:11 | stage_checkpoint_metric_mode stage_horizon
2026-06-20 22:44:11 | nettype graph_weather
2026-06-20 22:44:11 | target default
2026-06-20 22:44:11 | resolution 5.625
2026-06-20 22:44:11 | graph_path /lustre/home/ziya/GNN/GraphWeather5p625/graphs/graph_5p625.pt
2026-06-20 22:44:11 | auto_build_graph True
2026-06-20 22:44:11 | hidden_dim 32
2026-06-20 22:44:11 | edge_dim 6
2026-06-20 22:44:11 | num_heads 4
2026-06-20 22:44:11 | k_neighbors 8
2026-06-20 22:44:11 | encoder_blocks 1
2026-06-20 22:44:11 | decoder_blocks 1
2026-06-20 22:44:11 | l0_blocks 1
2026-06-20 22:44:11 | l1_blocks 1
2026-06-20 22:44:11 | l2_blocks 1
2026-06-20 22:44:11 | l1_refine_blocks 1
2026-06-20 22:44:11 | l0_refine_blocks 1
2026-06-20 22:44:11 | graph_gradient_weight 0.0
2026-06-20 22:44:11 | lr_schedule_type rollout_stage
2026-06-20 22:44:11 | lr_by_rollout {1: 0.0001, 2: 0.0001, 4: 7e-05, 6: 6e-05, 8: 5e-05, 10: 3e-05}
2026-06-20 22:44:11 | warmup_epochs 1
2026-06-20 22:44:11 | in_channels [0, 1, 2, 3, 4, 5, 6, 7, 8, 9, 10, 11, 12, 13, 14, 15, 16, 17, 18, 19, 20, 21, 22, 23, 24, 25, 26, 27, 28, 29, 30, 31, 32, 33, 34, 35, 36, 37, 38, 39, 40, 41, 42, 43, 44, 45, 46, 47, 48, 49, 50, 51, 52, 53, 54, 55, 56, 57, 58, 59, 60, 61, 62, 63, 64, 65, 66]
2026-06-20 22:44:11 | out_channels [0, 1, 2, 3, 4, 5, 6, 7, 8, 9, 10, 11, 12, 13, 14, 15, 16, 17, 18, 19, 20, 21, 22, 23, 24, 25, 26, 27, 28, 29, 30, 31, 32, 33, 34, 35, 36, 37, 38, 39, 40, 41, 42, 43, 44, 45, 46, 47, 48, 49, 50, 51, 52, 53, 54, 55, 56, 57, 58, 59, 60, 61, 62, 63, 64, 65, 66]
2026-06-20 22:44:11 | normalization zscore
2026-06-20 22:44:11 | add_grid False
2026-06-20 22:44:11 | N_grid_channels 0
2026-06-20 22:44:11 | gridtype sinusoidal
2026-06-20 22:44:11 | add_noise False
2026-06-20 22:44:11 | noise_std 0.0
2026-06-20 22:44:11 | crop_size_x None
2026-06-20 22:44:11 | crop_size_y None
2026-06-20 22:44:11 | roll False
2026-06-20 22:44:11 | orography False
2026-06-20 22:44:11 | orography_path None
2026-06-20 22:44:11 | train_data_path /lustre/home/ziya/KAI_5/kai_data_5p625/train
2026-06-20 22:44:11 | valid_data_path /lustre/home/ziya/KAI_5/kai_data_5p625/valid
2026-06-20 22:44:11 | test_dataset_path /lustre/home/ziya/KAI_5/kai_data_5p625/test
2026-06-20 22:44:11 | global_means_path /lustre/home/ziya/KAI_5/kai_data_5p625/stats/global_mean.npy
2026-06-20 22:44:11 | global_stds_path /lustre/home/ziya/KAI_5/kai_data_5p625/stats/global_std.npy
2026-06-20 22:44:11 | exp_dir /lustre/home/ziya/GNN/GraphWeather5p625/experiments
2026-06-20 22:44:11 | eval_checkpoint_path None
2026-06-20 22:44:11 | eval_output_dir None
2026-06-20 22:44:11 | eval_forecast_steps [10]
2026-06-20 22:44:11 | eval_fixed_rollout_steps 10
2026-06-20 22:44:11 | eval_compare_stage_checkpoints False
2026-06-20 22:44:11 | eval_stage_checkpoints {1: 'best_ckpt_S1.tar', 2: 'best_ckpt_S2.tar', 4: 'best_ckpt_S4.tar', 6: 'best_ckpt_S6.tar', 8: 'best_ckpt_S8.tar', 10: 'best_ckpt_S10.tar'}
2026-06-20 22:44:11 | eval_global_best_checkpoint best_ckpt.tar
2026-06-20 22:44:11 | eval_start_timestep 1
2026-06-20 22:44:11 | eval_ic_stride 1
2026-06-20 22:44:11 | n_initial_conditions 5
2026-06-20 22:44:11 | climatology_path None
2026-06-20 22:44:11 | compute_climatology True
2026-06-20 22:44:11 | eval_device cuda
2026-06-20 22:44:11 | eval_plot_variables []
2026-06-20 22:44:11 | eval_plot_format png
2026-06-20 22:44:11 | plot_persistence True
2026-06-20 22:44:11 | save_checkpoint False
2026-06-20 22:44:11 | resume False
2026-06-20 22:44:11 | device cpu
2026-06-20 22:44:11 | name smoke_5p625_device_cpu_smoke
2026-06-20 22:44:11 | experiment_dir /lustre/home/ziya/GNN/GraphWeather5p625/experiments/smoke_5p625_device_cpu_smoke
2026-06-20 22:44:11 | checkpoint_path /lustre/home/ziya/GNN/GraphWeather5p625/experiments/smoke_5p625_device_cpu_smoke/ckpt.tar
2026-06-20 22:44:11 | last_checkpoint_path /lustre/home/ziya/GNN/GraphWeather5p625/experiments/smoke_5p625_device_cpu_smoke/last_ckpt.tar
2026-06-20 22:44:11 | best_checkpoint_path /lustre/home/ziya/GNN/GraphWeather5p625/experiments/smoke_5p625_device_cpu_smoke/best_ckpt.tar
2026-06-20 22:44:11 | ---------------------------------------------------
2026-06-20 22:44:11 | Training device: cpu
2026-06-20 22:44:11 | Found 39 NetCDF files under /lustre/home/ziya/KAI_5/kai_data_5p625/train. Spatial dims: 32 x 64.
2026-06-20 22:44:11 | Total valid samples: 14167
2026-06-20 22:44:11 | Found 1 NetCDF files under /lustre/home/ziya/KAI_5/kai_data_5p625/valid. Spatial dims: 32 x 64.
2026-06-20 22:44:11 | Total valid samples: 363
2026-06-20 22:44:12 | Number of trainable model parameters: 109223
2026-06-20 22:44:21 | Epoch 1 - Batch 0 - Loss 0.407686
2026-06-20 22:44:30 | Epoch 1 - Batch 1 - Loss 0.427938
2026-06-20 22:44:38 | Epoch 1 - Batch 2 - Loss 0.403414
2026-06-20 22:44:47 | Epoch 1 - Batch 3 - Loss 0.380614
2026-06-20 22:44:57 | Metric 'valid_S10' missing from validation logs. Falling back to valid_loss.
2026-06-20 22:44:57 | Epoch 1 finished in 45.18 sec | train 0.380614 S=1 | valid 0.376225 S=1 | valid_S1 0.376225 valid_S1_final 0.376225 | lr 1.00e-04
2026-06-20 22:45:06 | Epoch 2 - Batch 0 - Loss 0.369137
2026-06-20 22:45:14 | Epoch 2 - Batch 1 - Loss 0.323555
2026-06-20 22:45:23 | Epoch 2 - Batch 2 - Loss 0.309496
2026-06-20 22:45:32 | Epoch 2 - Batch 3 - Loss 0.304732
2026-06-20 22:45:42 | Metric 'valid_S10' missing from validation logs. Falling back to valid_loss.
2026-06-20 22:45:42 | Epoch 2 finished in 44.59 sec | train 0.304732 S=1 | valid 0.320981 S=1 | valid_S1 0.320981 valid_S1_final 0.320981 | lr 1.00e-04
2026-06-20 22:45:42 | DONE rank 0
